Analysis & Synthesis report for mp0
Sun Aug 30 18:33:22 2015
Quartus II 32-bit Version 13.1.4 Build 182 03/12/2014 SJ Full Version


---------------------
; Table of Contents ;
---------------------
  1. Legal Notice
  2. Analysis & Synthesis Summary
  3. Analysis & Synthesis Settings
  4. Parallel Compilation
  5. Analysis & Synthesis Source Files Read
  6. Analysis & Synthesis Resource Usage Summary
  7. Analysis & Synthesis Resource Utilization by Entity
  8. State Machine - |mp0|control:control|state
  9. Registers Removed During Synthesis
 10. General Register Statistics
 11. Multiplexer Restructuring Statistics (Restructuring Performed)
 12. Parameter Settings for User Entity Instance: datapath:datapath|mux2:pcmux
 13. Parameter Settings for User Entity Instance: datapath:datapath|register:pc
 14. Parameter Settings for User Entity Instance: datapath:datapath|mux2:storemux
 15. Parameter Settings for User Entity Instance: datapath:datapath|mux2:regfilemux
 16. Parameter Settings for User Entity Instance: datapath:datapath|register:cc
 17. Parameter Settings for User Entity Instance: datapath:datapath|adj:adj9
 18. Parameter Settings for User Entity Instance: datapath:datapath|adj:adj6
 19. Parameter Settings for User Entity Instance: datapath:datapath|plus2:plus2
 20. Parameter Settings for User Entity Instance: datapath:datapath|mux2:marmux
 21. Parameter Settings for User Entity Instance: datapath:datapath|register:mar
 22. Parameter Settings for User Entity Instance: datapath:datapath|mux2:mdrmax
 23. Parameter Settings for User Entity Instance: datapath:datapath|register:mdr
 24. Parameter Settings for User Entity Instance: datapath:datapath|mux2:alumux
 25. Port Connectivity Checks: "control:control"
 26. Elapsed Time Per Partition
 27. Analysis & Synthesis Messages



----------------
; Legal Notice ;
----------------
Copyright (C) 1991-2014 Altera Corporation
Your use of Altera Corporation's design tools, logic functions 
and other software and tools, and its AMPP partner logic 
functions, and any output files from any of the foregoing 
(including device programming or simulation files), and any 
associated documentation or information are expressly subject 
to the terms and conditions of the Altera Program License 
Subscription Agreement, Altera MegaCore Function License 
Agreement, or other applicable license agreement, including, 
without limitation, that your use is for the sole purpose of 
programming logic devices manufactured by Altera and sold by 
Altera or its authorized distributors.  Please refer to the 
applicable agreement for further details.



+-----------------------------------------------------------------------------+
; Analysis & Synthesis Summary                                                ;
+-------------------------------+---------------------------------------------+
; Analysis & Synthesis Status   ; Successful - Sun Aug 30 18:33:22 2015       ;
; Quartus II 32-bit Version     ; 13.1.4 Build 182 03/12/2014 SJ Full Version ;
; Revision Name                 ; mp0                                         ;
; Top-level Entity Name         ; mp0                                         ;
; Family                        ; Stratix III                                 ;
; Logic utilization             ; N/A                                         ;
;     Combinational ALUTs       ; 191                                         ;
;     Memory ALUTs              ; 0                                           ;
;     Dedicated logic registers ; 208                                         ;
; Total registers               ; 208                                         ;
; Total pins                    ; 54                                          ;
; Total virtual pins            ; 0                                           ;
; Total block memory bits       ; 0                                           ;
; DSP block 18-bit elements     ; 0                                           ;
; Total PLLs                    ; 0                                           ;
; Total DLLs                    ; 0                                           ;
+-------------------------------+---------------------------------------------+


+---------------------------------------------------------------------------------------------------------------------------+
; Analysis & Synthesis Settings                                                                                             ;
+---------------------------------------------------------------------------------+--------------------+--------------------+
; Option                                                                          ; Setting            ; Default Value      ;
+---------------------------------------------------------------------------------+--------------------+--------------------+
; Device                                                                          ; EP3SE50F780C2      ;                    ;
; Top-level entity name                                                           ; mp0                ; mp0                ;
; Family name                                                                     ; Stratix III        ; Cyclone IV GX      ;
; Use smart compilation                                                           ; Off                ; Off                ;
; Enable parallel Assembler and TimeQuest Timing Analyzer during compilation      ; On                 ; On                 ;
; Enable compact report table                                                     ; Off                ; Off                ;
; Restructure Multiplexers                                                        ; Auto               ; Auto               ;
; MLAB Add Timing Constraints For Mixed-Port Feed-Through Mode Setting Don't Care ; Off                ; Off                ;
; Create Debugging Nodes for IP Cores                                             ; Off                ; Off                ;
; Preserve fewer node names                                                       ; On                 ; On                 ;
; Disable OpenCore Plus hardware evaluation                                       ; Off                ; Off                ;
; Verilog Version                                                                 ; Verilog_2001       ; Verilog_2001       ;
; VHDL Version                                                                    ; VHDL_1993          ; VHDL_1993          ;
; State Machine Processing                                                        ; Auto               ; Auto               ;
; Safe State Machine                                                              ; Off                ; Off                ;
; Extract Verilog State Machines                                                  ; On                 ; On                 ;
; Extract VHDL State Machines                                                     ; On                 ; On                 ;
; Ignore Verilog initial constructs                                               ; Off                ; Off                ;
; Iteration limit for constant Verilog loops                                      ; 5000               ; 5000               ;
; Iteration limit for non-constant Verilog loops                                  ; 250                ; 250                ;
; Add Pass-Through Logic to Inferred RAMs                                         ; On                 ; On                 ;
; Infer RAMs from Raw Logic                                                       ; On                 ; On                 ;
; Parallel Synthesis                                                              ; On                 ; On                 ;
; DSP Block Balancing                                                             ; Auto               ; Auto               ;
; NOT Gate Push-Back                                                              ; On                 ; On                 ;
; Power-Up Don't Care                                                             ; On                 ; On                 ;
; Remove Redundant Logic Cells                                                    ; Off                ; Off                ;
; Remove Duplicate Registers                                                      ; On                 ; On                 ;
; Ignore CARRY Buffers                                                            ; Off                ; Off                ;
; Ignore CASCADE Buffers                                                          ; Off                ; Off                ;
; Ignore GLOBAL Buffers                                                           ; Off                ; Off                ;
; Ignore ROW GLOBAL Buffers                                                       ; Off                ; Off                ;
; Ignore LCELL Buffers                                                            ; Off                ; Off                ;
; Ignore SOFT Buffers                                                             ; On                 ; On                 ;
; Limit AHDL Integers to 32 Bits                                                  ; Off                ; Off                ;
; Optimization Technique                                                          ; Balanced           ; Balanced           ;
; Carry Chain Length                                                              ; 70                 ; 70                 ;
; Auto Carry Chains                                                               ; On                 ; On                 ;
; Auto Open-Drain Pins                                                            ; On                 ; On                 ;
; Perform WYSIWYG Primitive Resynthesis                                           ; Off                ; Off                ;
; Auto ROM Replacement                                                            ; On                 ; On                 ;
; Auto RAM Replacement                                                            ; On                 ; On                 ;
; Auto DSP Block Replacement                                                      ; On                 ; On                 ;
; Auto Shift Register Replacement                                                 ; Auto               ; Auto               ;
; Allow Shift Register Merging across Hierarchies                                 ; Auto               ; Auto               ;
; Auto Clock Enable Replacement                                                   ; On                 ; On                 ;
; Strict RAM Replacement                                                          ; Off                ; Off                ;
; Allow Synchronous Control Signals                                               ; On                 ; On                 ;
; Force Use of Synchronous Clear Signals                                          ; Off                ; Off                ;
; Auto RAM Block Balancing                                                        ; On                 ; On                 ;
; Auto RAM to Logic Cell Conversion                                               ; Off                ; Off                ;
; Auto Resource Sharing                                                           ; Off                ; Off                ;
; Allow Any RAM Size For Recognition                                              ; Off                ; Off                ;
; Allow Any ROM Size For Recognition                                              ; Off                ; Off                ;
; Allow Any Shift Register Size For Recognition                                   ; Off                ; Off                ;
; Use LogicLock Constraints during Resource Balancing                             ; On                 ; On                 ;
; Ignore translate_off and synthesis_off directives                               ; Off                ; Off                ;
; Timing-Driven Synthesis                                                         ; On                 ; On                 ;
; Report Parameter Settings                                                       ; On                 ; On                 ;
; Report Source Assignments                                                       ; On                 ; On                 ;
; Report Connectivity Checks                                                      ; On                 ; On                 ;
; Ignore Maximum Fan-Out Assignments                                              ; Off                ; Off                ;
; Synchronization Register Chain Length                                           ; 2                  ; 2                  ;
; PowerPlay Power Optimization                                                    ; Normal compilation ; Normal compilation ;
; HDL message level                                                               ; Level2             ; Level2             ;
; Suppress Register Optimization Related Messages                                 ; Off                ; Off                ;
; Number of Removed Registers Reported in Synthesis Report                        ; 5000               ; 5000               ;
; Number of Swept Nodes Reported in Synthesis Report                              ; 5000               ; 5000               ;
; Number of Inverted Registers Reported in Synthesis Report                       ; 100                ; 100                ;
; Clock MUX Protection                                                            ; On                 ; On                 ;
; Auto Gated Clock Conversion                                                     ; Off                ; Off                ;
; Block Design Naming                                                             ; Auto               ; Auto               ;
; SDC constraint protection                                                       ; Off                ; Off                ;
; Synthesis Effort                                                                ; Auto               ; Auto               ;
; Shift Register Replacement - Allow Asynchronous Clear Signal                    ; On                 ; On                 ;
; Pre-Mapping Resynthesis Optimization                                            ; Off                ; Off                ;
; Analysis & Synthesis Message Level                                              ; Medium             ; Medium             ;
; Disable Register Merging Across Hierarchies                                     ; Auto               ; Auto               ;
; Resource Aware Inference For Block RAM                                          ; On                 ; On                 ;
; Synthesis Seed                                                                  ; 1                  ; 1                  ;
+---------------------------------------------------------------------------------+--------------------+--------------------+


+------------------------------------------+
; Parallel Compilation                     ;
+----------------------------+-------------+
; Processors                 ; Number      ;
+----------------------------+-------------+
; Number detected on machine ; 4           ;
; Maximum allowed            ; 4           ;
;                            ;             ;
; Average used               ; 1.00        ;
; Maximum used               ; 2           ;
;                            ;             ;
; Usage by Processor         ; % Time Used ;
;     Processor 1            ; 100.0%      ;
;     Processor 2            ; < 0.1%      ;
;     Processors 3-4         ;   0.0%      ;
+----------------------------+-------------+


+---------------------------------------------------------------------------------------------------------------------------------------+
; Analysis & Synthesis Source Files Read                                                                                                ;
+----------------------------------+-----------------+------------------------------+-----------------------------------------+---------+
; File Name with User-Entered Path ; Used in Netlist ; File Type                    ; File Name with Absolute Path            ; Library ;
+----------------------------------+-----------------+------------------------------+-----------------------------------------+---------+
; br_add.sv                        ; yes             ; User SystemVerilog HDL File  ; /home/zachrice/ece411/mp0/br_add.sv     ;         ;
; mux2.sv                          ; yes             ; User SystemVerilog HDL File  ; /home/zachrice/ece411/mp0/mux2.sv       ;         ;
; nzp_cmp.sv                       ; yes             ; User SystemVerilog HDL File  ; /home/zachrice/ece411/mp0/nzp_cmp.sv    ;         ;
; lc3b_types.sv                    ; yes             ; User SystemVerilog HDL File  ; /home/zachrice/ece411/mp0/lc3b_types.sv ;         ;
; adj.sv                           ; yes             ; User SystemVerilog HDL File  ; /home/zachrice/ece411/mp0/adj.sv        ;         ;
; alu.sv                           ; yes             ; User SystemVerilog HDL File  ; /home/zachrice/ece411/mp0/alu.sv        ;         ;
; control.sv                       ; yes             ; User SystemVerilog HDL File  ; /home/zachrice/ece411/mp0/control.sv    ;         ;
; datapath.sv                      ; yes             ; User SystemVerilog HDL File  ; /home/zachrice/ece411/mp0/datapath.sv   ;         ;
; gencc.sv                         ; yes             ; User SystemVerilog HDL File  ; /home/zachrice/ece411/mp0/gencc.sv      ;         ;
; ir.sv                            ; yes             ; User SystemVerilog HDL File  ; /home/zachrice/ece411/mp0/ir.sv         ;         ;
; mp0.sv                           ; yes             ; User SystemVerilog HDL File  ; /home/zachrice/ece411/mp0/mp0.sv        ;         ;
; plus2.sv                         ; yes             ; User SystemVerilog HDL File  ; /home/zachrice/ece411/mp0/plus2.sv      ;         ;
; regfile.sv                       ; yes             ; User SystemVerilog HDL File  ; /home/zachrice/ece411/mp0/regfile.sv    ;         ;
; register.sv                      ; yes             ; User SystemVerilog HDL File  ; /home/zachrice/ece411/mp0/register.sv   ;         ;
+----------------------------------+-----------------+------------------------------+-----------------------------------------+---------+


+-----------------------------------------------------------+
; Analysis & Synthesis Resource Usage Summary               ;
+-----------------------------------------------+-----------+
; Resource                                      ; Usage     ;
+-----------------------------------------------+-----------+
; Estimated ALUTs Used                          ; 191       ;
;     -- Combinational ALUTs                    ; 191       ;
;     -- Memory ALUTs                           ; 0         ;
;     -- LUT_REGs                               ; 0         ;
; Dedicated logic registers                     ; 208       ;
;                                               ;           ;
; Estimated ALUTs Unavailable                   ; 66        ;
;     -- Due to unpartnered combinational logic ; 66        ;
;     -- Due to Memory ALUTs                    ; 0         ;
;                                               ;           ;
; Total combinational functions                 ; 191       ;
; Combinational ALUT usage by number of inputs  ;           ;
;     -- 7 input functions                      ; 66        ;
;     -- 6 input functions                      ; 25        ;
;     -- 5 input functions                      ; 23        ;
;     -- 4 input functions                      ; 27        ;
;     -- <=3 input functions                    ; 50        ;
;                                               ;           ;
; Combinational ALUTs by mode                   ;           ;
;     -- normal mode                            ; 94        ;
;     -- extended LUT mode                      ; 66        ;
;     -- arithmetic mode                        ; 31        ;
;     -- shared arithmetic mode                 ; 0         ;
;                                               ;           ;
; Estimated ALUT/register pairs used            ; 376       ;
;                                               ;           ;
; Total registers                               ; 208       ;
;     -- Dedicated logic registers              ; 208       ;
;     -- I/O registers                          ; 0         ;
;     -- LUT_REGs                               ; 0         ;
;                                               ;           ;
;                                               ;           ;
; I/O pins                                      ; 54        ;
; DSP block 18-bit elements                     ; 0         ;
; Maximum fan-out node                          ; clk~input ;
; Maximum fan-out                               ; 208       ;
; Total fan-out                                 ; 1762      ;
; Average fan-out                               ; 3.48      ;
+-----------------------------------------------+-----------+


+-------------------------------------------------------------------------------------------------------------------------------------------------------------------------------------------------------------------------------+
; Analysis & Synthesis Resource Utilization by Entity                                                                                                                                                                           ;
+----------------------------+-------------------+--------------+-------------------+--------------+---------+-----------+-----------+-----------+------+--------------+-----------------------------------------+--------------+
; Compilation Hierarchy Node ; LC Combinationals ; LC Registers ; Block Memory Bits ; DSP Elements ; DSP 9x9 ; DSP 12x12 ; DSP 18x18 ; DSP 36x36 ; Pins ; Virtual Pins ; Full Hierarchy Name                     ; Library Name ;
+----------------------------+-------------------+--------------+-------------------+--------------+---------+-----------+-----------+-----------+------+--------------+-----------------------------------------+--------------+
; |mp0                       ; 191 (0)           ; 208 (0)      ; 0                 ; 0            ; 0       ; 0         ; 0         ; 0         ; 54   ; 0            ; |mp0                                    ; work         ;
;    |control:control|       ; 29 (29)           ; 14 (14)      ; 0                 ; 0            ; 0       ; 0         ; 0         ; 0         ; 0    ; 0            ; |mp0|control:control                    ; work         ;
;    |datapath:datapath|     ; 162 (0)           ; 194 (0)      ; 0                 ; 0            ; 0       ; 0         ; 0         ; 0         ; 0    ; 0            ; |mp0|datapath:datapath                  ; work         ;
;       |alu:alu|            ; 49 (49)           ; 0 (0)        ; 0                 ; 0            ; 0       ; 0         ; 0         ; 0         ; 0    ; 0            ; |mp0|datapath:datapath|alu:alu          ; work         ;
;       |gencc:gencc|        ; 5 (5)             ; 0 (0)        ; 0                 ; 0            ; 0       ; 0         ; 0         ; 0         ; 0    ; 0            ; |mp0|datapath:datapath|gencc:gencc      ; work         ;
;       |ir:ir|              ; 0 (0)             ; 16 (16)      ; 0                 ; 0            ; 0       ; 0         ; 0         ; 0         ; 0    ; 0            ; |mp0|datapath:datapath|ir:ir            ; work         ;
;       |mux2:regfilemux|    ; 16 (16)           ; 0 (0)        ; 0                 ; 0            ; 0       ; 0         ; 0         ; 0         ; 0    ; 0            ; |mp0|datapath:datapath|mux2:regfilemux  ; work         ;
;       |mux2:storemux|      ; 3 (3)             ; 0 (0)        ; 0                 ; 0            ; 0       ; 0         ; 0         ; 0         ; 0    ; 0            ; |mp0|datapath:datapath|mux2:storemux    ; work         ;
;       |nzp_cmp:ccc_comp|   ; 1 (1)             ; 0 (0)        ; 0                 ; 0            ; 0       ; 0         ; 0         ; 0         ; 0    ; 0            ; |mp0|datapath:datapath|nzp_cmp:ccc_comp ; work         ;
;       |plus2:plus2|        ; 15 (15)           ; 0 (0)        ; 0                 ; 0            ; 0       ; 0         ; 0         ; 0         ; 0    ; 0            ; |mp0|datapath:datapath|plus2:plus2      ; work         ;
;       |regfile:regfile|    ; 72 (72)           ; 128 (128)    ; 0                 ; 0            ; 0       ; 0         ; 0         ; 0         ; 0    ; 0            ; |mp0|datapath:datapath|regfile:regfile  ; work         ;
;       |register:cc|        ; 0 (0)             ; 3 (3)        ; 0                 ; 0            ; 0       ; 0         ; 0         ; 0         ; 0    ; 0            ; |mp0|datapath:datapath|register:cc      ; work         ;
;       |register:mar|       ; 1 (1)             ; 16 (16)      ; 0                 ; 0            ; 0       ; 0         ; 0         ; 0         ; 0    ; 0            ; |mp0|datapath:datapath|register:mar     ; work         ;
;       |register:mdr|       ; 0 (0)             ; 16 (16)      ; 0                 ; 0            ; 0       ; 0         ; 0         ; 0         ; 0    ; 0            ; |mp0|datapath:datapath|register:mdr     ; work         ;
;       |register:pc|        ; 0 (0)             ; 15 (15)      ; 0                 ; 0            ; 0       ; 0         ; 0         ; 0         ; 0    ; 0            ; |mp0|datapath:datapath|register:pc      ; work         ;
+----------------------------+-------------------+--------------+-------------------+--------------+---------+-----------+-----------+-----------+------+--------------+-----------------------------------------+--------------+
Note: For table entries with two numbers listed, the numbers in parentheses indicate the number of resources of the given type used by the specific entity alone. The numbers listed outside of parentheses indicate the total resources of the given type used by the specific entity and all of its sub-entities in the hierarchy.


Encoding Type:  One-Hot
+--------------------------------------------------------------------------------------------------------------------------------------------------------------------------------------------------------------------------------------+
; State Machine - |mp0|control:control|state                                                                                                                                                                                           ;
+------------------+--------------+--------------+--------------+--------------+-----------------+------------------+------------+-------------+-------------+-------------+--------------+--------------+--------------+--------------+
; Name             ; state.s_str2 ; state.s_str1 ; state.s_ldr2 ; state.s_ldr1 ; state.calc_addr ; state.s_br_taken ; state.s_br ; state.s_not ; state.s_and ; state.s_add ; state.decode ; state.fetch3 ; state.fetch2 ; state.fetch1 ;
+------------------+--------------+--------------+--------------+--------------+-----------------+------------------+------------+-------------+-------------+-------------+--------------+--------------+--------------+--------------+
; state.fetch1     ; 0            ; 0            ; 0            ; 0            ; 0               ; 0                ; 0          ; 0           ; 0           ; 0           ; 0            ; 0            ; 0            ; 0            ;
; state.fetch2     ; 0            ; 0            ; 0            ; 0            ; 0               ; 0                ; 0          ; 0           ; 0           ; 0           ; 0            ; 0            ; 1            ; 1            ;
; state.fetch3     ; 0            ; 0            ; 0            ; 0            ; 0               ; 0                ; 0          ; 0           ; 0           ; 0           ; 0            ; 1            ; 0            ; 1            ;
; state.decode     ; 0            ; 0            ; 0            ; 0            ; 0               ; 0                ; 0          ; 0           ; 0           ; 0           ; 1            ; 0            ; 0            ; 1            ;
; state.s_add      ; 0            ; 0            ; 0            ; 0            ; 0               ; 0                ; 0          ; 0           ; 0           ; 1           ; 0            ; 0            ; 0            ; 1            ;
; state.s_and      ; 0            ; 0            ; 0            ; 0            ; 0               ; 0                ; 0          ; 0           ; 1           ; 0           ; 0            ; 0            ; 0            ; 1            ;
; state.s_not      ; 0            ; 0            ; 0            ; 0            ; 0               ; 0                ; 0          ; 1           ; 0           ; 0           ; 0            ; 0            ; 0            ; 1            ;
; state.s_br       ; 0            ; 0            ; 0            ; 0            ; 0               ; 0                ; 1          ; 0           ; 0           ; 0           ; 0            ; 0            ; 0            ; 1            ;
; state.s_br_taken ; 0            ; 0            ; 0            ; 0            ; 0               ; 1                ; 0          ; 0           ; 0           ; 0           ; 0            ; 0            ; 0            ; 1            ;
; state.calc_addr  ; 0            ; 0            ; 0            ; 0            ; 1               ; 0                ; 0          ; 0           ; 0           ; 0           ; 0            ; 0            ; 0            ; 1            ;
; state.s_ldr1     ; 0            ; 0            ; 0            ; 1            ; 0               ; 0                ; 0          ; 0           ; 0           ; 0           ; 0            ; 0            ; 0            ; 1            ;
; state.s_ldr2     ; 0            ; 0            ; 1            ; 0            ; 0               ; 0                ; 0          ; 0           ; 0           ; 0           ; 0            ; 0            ; 0            ; 1            ;
; state.s_str1     ; 0            ; 1            ; 0            ; 0            ; 0               ; 0                ; 0          ; 0           ; 0           ; 0           ; 0            ; 0            ; 0            ; 1            ;
; state.s_str2     ; 1            ; 0            ; 0            ; 0            ; 0               ; 0                ; 0          ; 0           ; 0           ; 0           ; 0            ; 0            ; 0            ; 1            ;
+------------------+--------------+--------------+--------------+--------------+-----------------+------------------+------------+-------------+-------------+-------------+--------------+--------------+--------------+--------------+


+---------------------------------------------------------------------------------+
; Registers Removed During Synthesis                                              ;
+----------------------------------------+----------------------------------------+
; Register name                          ; Reason for Removal                     ;
+----------------------------------------+----------------------------------------+
; datapath:datapath|register:pc|data[0]  ; Stuck at GND due to stuck port data_in ;
; control:control|state~2                ; Lost fanout                            ;
; control:control|state~3                ; Lost fanout                            ;
; control:control|state~4                ; Lost fanout                            ;
; control:control|state~5                ; Lost fanout                            ;
; control:control|state~6                ; Lost fanout                            ;
; control:control|state~7                ; Lost fanout                            ;
; control:control|state~8                ; Lost fanout                            ;
; control:control|state~9                ; Lost fanout                            ;
; control:control|state~10               ; Lost fanout                            ;
; control:control|state~11               ; Lost fanout                            ;
; control:control|state~12               ; Lost fanout                            ;
; control:control|state~13               ; Lost fanout                            ;
; control:control|state~14               ; Lost fanout                            ;
; control:control|state~15               ; Lost fanout                            ;
; control:control|state~16               ; Lost fanout                            ;
; control:control|state~17               ; Lost fanout                            ;
; control:control|state~18               ; Lost fanout                            ;
; control:control|state~19               ; Lost fanout                            ;
; control:control|state~20               ; Lost fanout                            ;
; control:control|state~21               ; Lost fanout                            ;
; control:control|state~22               ; Lost fanout                            ;
; control:control|state~23               ; Lost fanout                            ;
; control:control|state~24               ; Lost fanout                            ;
; control:control|state~25               ; Lost fanout                            ;
; control:control|state~26               ; Lost fanout                            ;
; control:control|state~27               ; Lost fanout                            ;
; control:control|state~28               ; Lost fanout                            ;
; control:control|state~29               ; Lost fanout                            ;
; control:control|state~30               ; Lost fanout                            ;
; control:control|state~31               ; Lost fanout                            ;
; control:control|state~32               ; Lost fanout                            ;
; control:control|state~33               ; Lost fanout                            ;
; Total Number of Removed Registers = 33 ;                                        ;
+----------------------------------------+----------------------------------------+


+------------------------------------------------------+
; General Register Statistics                          ;
+----------------------------------------------+-------+
; Statistic                                    ; Value ;
+----------------------------------------------+-------+
; Total registers                              ; 208   ;
; Number of registers using Synchronous Clear  ; 0     ;
; Number of registers using Synchronous Load   ; 31    ;
; Number of registers using Asynchronous Clear ; 0     ;
; Number of registers using Asynchronous Load  ; 0     ;
; Number of registers using Clock Enable       ; 193   ;
; Number of registers using Preset             ; 0     ;
+----------------------------------------------+-------+


+---------------------------------------------------------------------------------------------------------------------------------------------------------+
; Multiplexer Restructuring Statistics (Restructuring Performed)                                                                                          ;
+--------------------+-----------+---------------+----------------------+------------------------+------------+-------------------------------------------+
; Multiplexer Inputs ; Bus Width ; Baseline Area ; Area if Restructured ; Saving if Restructured ; Registered ; Example Multiplexer Output                ;
+--------------------+-----------+---------------+----------------------+------------------------+------------+-------------------------------------------+
; 4:1                ; 16 bits   ; 32 ALUTs      ; 32 ALUTs             ; 0 ALUTs                ; No         ; |mp0|datapath:datapath|alu:alu|Selector15 ;
; 4:1                ; 5 bits    ; 10 ALUTs      ; 10 ALUTs             ; 0 ALUTs                ; No         ; |mp0|control:control|Selector14           ;
; 6:1                ; 2 bits    ; 8 ALUTs       ; 6 ALUTs              ; 2 ALUTs                ; No         ; |mp0|control:control|Selector17           ;
+--------------------+-----------+---------------+----------------------+------------------------+------------+-------------------------------------------+


+---------------------------------------------------------------------------+
; Parameter Settings for User Entity Instance: datapath:datapath|mux2:pcmux ;
+----------------+-------+--------------------------------------------------+
; Parameter Name ; Value ; Type                                             ;
+----------------+-------+--------------------------------------------------+
; width          ; 16    ; Signed Integer                                   ;
+----------------+-------+--------------------------------------------------+
Note: In order to hide this table in the UI and the text report file, please set the "Show Parameter Settings in Synthesis Report" option in "Analysis and Synthesis Settings -> More Settings" to "Off".


+----------------------------------------------------------------------------+
; Parameter Settings for User Entity Instance: datapath:datapath|register:pc ;
+----------------+-------+---------------------------------------------------+
; Parameter Name ; Value ; Type                                              ;
+----------------+-------+---------------------------------------------------+
; width          ; 16    ; Signed Integer                                    ;
+----------------+-------+---------------------------------------------------+
Note: In order to hide this table in the UI and the text report file, please set the "Show Parameter Settings in Synthesis Report" option in "Analysis and Synthesis Settings -> More Settings" to "Off".


+------------------------------------------------------------------------------+
; Parameter Settings for User Entity Instance: datapath:datapath|mux2:storemux ;
+----------------+-------+-----------------------------------------------------+
; Parameter Name ; Value ; Type                                                ;
+----------------+-------+-----------------------------------------------------+
; width          ; 3     ; Signed Integer                                      ;
+----------------+-------+-----------------------------------------------------+
Note: In order to hide this table in the UI and the text report file, please set the "Show Parameter Settings in Synthesis Report" option in "Analysis and Synthesis Settings -> More Settings" to "Off".


+--------------------------------------------------------------------------------+
; Parameter Settings for User Entity Instance: datapath:datapath|mux2:regfilemux ;
+----------------+-------+-------------------------------------------------------+
; Parameter Name ; Value ; Type                                                  ;
+----------------+-------+-------------------------------------------------------+
; width          ; 16    ; Signed Integer                                        ;
+----------------+-------+-------------------------------------------------------+
Note: In order to hide this table in the UI and the text report file, please set the "Show Parameter Settings in Synthesis Report" option in "Analysis and Synthesis Settings -> More Settings" to "Off".


+----------------------------------------------------------------------------+
; Parameter Settings for User Entity Instance: datapath:datapath|register:cc ;
+----------------+-------+---------------------------------------------------+
; Parameter Name ; Value ; Type                                              ;
+----------------+-------+---------------------------------------------------+
; width          ; 3     ; Signed Integer                                    ;
+----------------+-------+---------------------------------------------------+
Note: In order to hide this table in the UI and the text report file, please set the "Show Parameter Settings in Synthesis Report" option in "Analysis and Synthesis Settings -> More Settings" to "Off".


+-------------------------------------------------------------------------+
; Parameter Settings for User Entity Instance: datapath:datapath|adj:adj9 ;
+----------------+-------+------------------------------------------------+
; Parameter Name ; Value ; Type                                           ;
+----------------+-------+------------------------------------------------+
; width          ; 9     ; Signed Integer                                 ;
+----------------+-------+------------------------------------------------+
Note: In order to hide this table in the UI and the text report file, please set the "Show Parameter Settings in Synthesis Report" option in "Analysis and Synthesis Settings -> More Settings" to "Off".


+-------------------------------------------------------------------------+
; Parameter Settings for User Entity Instance: datapath:datapath|adj:adj6 ;
+----------------+-------+------------------------------------------------+
; Parameter Name ; Value ; Type                                           ;
+----------------+-------+------------------------------------------------+
; width          ; 6     ; Signed Integer                                 ;
+----------------+-------+------------------------------------------------+
Note: In order to hide this table in the UI and the text report file, please set the "Show Parameter Settings in Synthesis Report" option in "Analysis and Synthesis Settings -> More Settings" to "Off".


+----------------------------------------------------------------------------+
; Parameter Settings for User Entity Instance: datapath:datapath|plus2:plus2 ;
+----------------+-------+---------------------------------------------------+
; Parameter Name ; Value ; Type                                              ;
+----------------+-------+---------------------------------------------------+
; width          ; 16    ; Signed Integer                                    ;
+----------------+-------+---------------------------------------------------+
Note: In order to hide this table in the UI and the text report file, please set the "Show Parameter Settings in Synthesis Report" option in "Analysis and Synthesis Settings -> More Settings" to "Off".


+----------------------------------------------------------------------------+
; Parameter Settings for User Entity Instance: datapath:datapath|mux2:marmux ;
+----------------+-------+---------------------------------------------------+
; Parameter Name ; Value ; Type                                              ;
+----------------+-------+---------------------------------------------------+
; width          ; 16    ; Signed Integer                                    ;
+----------------+-------+---------------------------------------------------+
Note: In order to hide this table in the UI and the text report file, please set the "Show Parameter Settings in Synthesis Report" option in "Analysis and Synthesis Settings -> More Settings" to "Off".


+-----------------------------------------------------------------------------+
; Parameter Settings for User Entity Instance: datapath:datapath|register:mar ;
+----------------+-------+----------------------------------------------------+
; Parameter Name ; Value ; Type                                               ;
+----------------+-------+----------------------------------------------------+
; width          ; 16    ; Signed Integer                                     ;
+----------------+-------+----------------------------------------------------+
Note: In order to hide this table in the UI and the text report file, please set the "Show Parameter Settings in Synthesis Report" option in "Analysis and Synthesis Settings -> More Settings" to "Off".


+----------------------------------------------------------------------------+
; Parameter Settings for User Entity Instance: datapath:datapath|mux2:mdrmax ;
+----------------+-------+---------------------------------------------------+
; Parameter Name ; Value ; Type                                              ;
+----------------+-------+---------------------------------------------------+
; width          ; 16    ; Signed Integer                                    ;
+----------------+-------+---------------------------------------------------+
Note: In order to hide this table in the UI and the text report file, please set the "Show Parameter Settings in Synthesis Report" option in "Analysis and Synthesis Settings -> More Settings" to "Off".


+-----------------------------------------------------------------------------+
; Parameter Settings for User Entity Instance: datapath:datapath|register:mdr ;
+----------------+-------+----------------------------------------------------+
; Parameter Name ; Value ; Type                                               ;
+----------------+-------+----------------------------------------------------+
; width          ; 16    ; Signed Integer                                     ;
+----------------+-------+----------------------------------------------------+
Note: In order to hide this table in the UI and the text report file, please set the "Show Parameter Settings in Synthesis Report" option in "Analysis and Synthesis Settings -> More Settings" to "Off".


+----------------------------------------------------------------------------+
; Parameter Settings for User Entity Instance: datapath:datapath|mux2:alumux ;
+----------------+-------+---------------------------------------------------+
; Parameter Name ; Value ; Type                                              ;
+----------------+-------+---------------------------------------------------+
; width          ; 16    ; Signed Integer                                    ;
+----------------+-------+---------------------------------------------------+
Note: In order to hide this table in the UI and the text report file, please set the "Show Parameter Settings in Synthesis Report" option in "Analysis and Synthesis Settings -> More Settings" to "Off".


+------------------------------------------------------------------------------------------------------------------------------------------------------------------------------------+
; Port Connectivity Checks: "control:control"                                                                                                                                        ;
+-----------+-------+----------+-----------------------------------------------------------------------------------------------------------------------------------------------------+
; Port      ; Type  ; Severity ; Details                                                                                                                                             ;
+-----------+-------+----------+-----------------------------------------------------------------------------------------------------------------------------------------------------+
; mem_rdata ; Input ; Warning  ; Input port expression (1 bits) is smaller than the input port (16 bits) it drives.  Extra input bit(s) "mem_rdata[15..1]" will be connected to GND. ;
+-----------+-------+----------+-----------------------------------------------------------------------------------------------------------------------------------------------------+


+-------------------------------+
; Elapsed Time Per Partition    ;
+----------------+--------------+
; Partition Name ; Elapsed Time ;
+----------------+--------------+
; Top            ; 00:00:01     ;
+----------------+--------------+


+-------------------------------+
; Analysis & Synthesis Messages ;
+-------------------------------+
Info: *******************************************************************
Info: Running Quartus II 32-bit Analysis & Synthesis
    Info: Version 13.1.4 Build 182 03/12/2014 SJ Full Version
    Info: Processing started: Sun Aug 30 18:33:18 2015
Info: Command: quartus_map --read_settings_files=on --write_settings_files=off mp0 -c mp0
Info (20030): Parallel compilation is enabled and will use 4 of the 4 processors detected
Info (12021): Found 1 design units, including 1 entities, in source file br_add.sv
    Info (12023): Found entity 1: br_add
Info (12021): Found 1 design units, including 1 entities, in source file mux2.sv
    Info (12023): Found entity 1: mux2
Info (12021): Found 1 design units, including 1 entities, in source file nzp_cmp.sv
    Info (12023): Found entity 1: nzp_cmp
Info (12021): Found 1 design units, including 0 entities, in source file lc3b_types.sv
    Info (12022): Found design unit 1: lc3b_types (SystemVerilog)
Info (12021): Found 1 design units, including 1 entities, in source file adj.sv
    Info (12023): Found entity 1: adj
Info (12021): Found 1 design units, including 1 entities, in source file alu.sv
    Info (12023): Found entity 1: alu
Info (12021): Found 1 design units, including 1 entities, in source file control.sv
    Info (12023): Found entity 1: control
Info (12021): Found 1 design units, including 1 entities, in source file datapath.sv
    Info (12023): Found entity 1: datapath
Info (12021): Found 1 design units, including 1 entities, in source file gencc.sv
    Info (12023): Found entity 1: gencc
Info (12021): Found 1 design units, including 1 entities, in source file ir.sv
    Info (12023): Found entity 1: ir
Info (12021): Found 1 design units, including 1 entities, in source file mp0.sv
    Info (12023): Found entity 1: mp0
Info (12021): Found 1 design units, including 1 entities, in source file plus2.sv
    Info (12023): Found entity 1: plus2
Info (12021): Found 1 design units, including 1 entities, in source file regfile.sv
    Info (12023): Found entity 1: regfile
Info (12021): Found 1 design units, including 1 entities, in source file register.sv
    Info (12023): Found entity 1: register
Info (12127): Elaborating entity "mp0" for the top level hierarchy
Info (12128): Elaborating entity "datapath" for hierarchy "datapath:datapath"
Info (12128): Elaborating entity "mux2" for hierarchy "datapath:datapath|mux2:pcmux"
Info (12128): Elaborating entity "register" for hierarchy "datapath:datapath|register:pc"
Info (12128): Elaborating entity "mux2" for hierarchy "datapath:datapath|mux2:storemux"
Info (12128): Elaborating entity "regfile" for hierarchy "datapath:datapath|regfile:regfile"
Info (12128): Elaborating entity "gencc" for hierarchy "datapath:datapath|gencc:gencc"
Info (12128): Elaborating entity "register" for hierarchy "datapath:datapath|register:cc"
Info (12128): Elaborating entity "nzp_cmp" for hierarchy "datapath:datapath|nzp_cmp:ccc_comp"
Info (12128): Elaborating entity "ir" for hierarchy "datapath:datapath|ir:ir"
Info (12128): Elaborating entity "adj" for hierarchy "datapath:datapath|adj:adj9"
Info (12128): Elaborating entity "adj" for hierarchy "datapath:datapath|adj:adj6"
Info (12128): Elaborating entity "br_add" for hierarchy "datapath:datapath|br_add:br_add"
Info (12128): Elaborating entity "plus2" for hierarchy "datapath:datapath|plus2:plus2"
Info (12128): Elaborating entity "alu" for hierarchy "datapath:datapath|alu:alu"
Info (12128): Elaborating entity "control" for hierarchy "control:control"
Info (276014): Found 1 instances of uninferred RAM logic
    Info (276006): RAM logic "datapath:datapath|regfile:regfile|data" is uninferred due to "logic" being set as ramstyle synthesis attribute
Warning (12241): 1 hierarchies have connectivity warnings - see the Connectivity Checks report folder
Warning (13024): Output pins are stuck at VCC or GND
    Warning (13410): Pin "mem_byte_enable[0]" is stuck at VCC
    Warning (13410): Pin "mem_byte_enable[1]" is stuck at VCC
Info (286030): Timing-Driven Synthesis is running
Info (17049): 32 registers lost all their fanouts during netlist optimizations.
Info (16010): Generating hard_block partition "hard_block:auto_generated_inst"
    Info (16011): Adding 0 node(s), including 0 DDIO, 0 PLL, 0 transceiver and 0 LCELL
Info (21057): Implemented 421 device resources after synthesis - the final resource count might be different
    Info (21058): Implemented 18 input pins
    Info (21059): Implemented 36 output pins
    Info (21061): Implemented 367 logic cells
Info: Quartus II 32-bit Analysis & Synthesis was successful. 0 errors, 4 warnings
    Info: Peak virtual memory: 444 megabytes
    Info: Processing ended: Sun Aug 30 18:33:22 2015
    Info: Elapsed time: 00:00:04
    Info: Total CPU time (on all processors): 00:00:02


